W0808 16:20:31.631000 544606 torch/distributed/run.py:766] 
W0808 16:20:31.631000 544606 torch/distributed/run.py:766] *****************************************
W0808 16:20:31.631000 544606 torch/distributed/run.py:766] Setting OMP_NUM_THREADS environment variable for each process to be 1 in default, to avoid your system being overloaded, please further tune the variable for optimal performance in your application as needed. 
W0808 16:20:31.631000 544606 torch/distributed/run.py:766] *****************************************
Overriding config with config/train_owt.py:
eval_interval = 500
eval_iters = 200
log_interval = 10
always_save_checkpoint = False

wandb_log = True
wandb_project = 'mhc-lite'
out_prefix_dataset = "owt"

dataset = 'openwebtext'
gradient_accumulation_steps = 8  
batch_size = 16
block_size = 1024

dtype = 'bfloat16'

Overriding config with config/large_model.py:
wandb_group = "large"
out_prefix_model = "large"

n_layer = 24
n_head = 16
n_embd = 1024
dropout = 0.0

learning_rate = 3e-4
min_lr = 3e-5
max_iters = 10000
lr_decay_iters = 10000
warmup_iters = 200
weight_decay = 0.1
beta1 = 0.9
beta2 = 0.95
grad_clip = 1.0


Overriding config with config/with_mhc_group_lora_midnorm.py:
hyper_conn_type = "mhc_group_lora_midnorm"
hyper_conn_n = 4

wandb_notes = "mhc-group-lora-midnorm (RMSNorm on LoRA rank dim, between A and B)"
out_prefix_method = "mhc-group-lora-midnorm"

Overriding: batch_size = 8
Overriding: gradient_accumulation_steps = 16
Overriding: max_iters = 30000
Overriding: lr_decay_iters = 20000
Overriding: warmup_iters = 2000
Overriding: compile = True
Overriding: init_from = resume
Overriding: wandb_run_name = L-group-lora-midnorm-owt-bs8ga16-30kstep
Overriding config with config/train_owt.py:
eval_interval = 500
eval_iters = 200
log_interval = 10
always_save_checkpoint = False

wandb_log = True
wandb_project = 'mhc-lite'
out_prefix_dataset = "owt"

dataset = 'openwebtext'
gradient_accumulation_steps = 8  
batch_size = 16
block_size = 1024

dtype = 'bfloat16'

Overriding config with config/large_model.py:
wandb_group = "large"
out_prefix_model = "large"

n_layer = 24
n_head = 16
n_embd = 1024
dropout = 0.0

learning_rate = 3e-4
min_lr = 3e-5
max_iters = 10000
lr_decay_iters = 10000
warmup_iters = 200
weight_decay = 0.1
beta1 = 0.9
beta2 = 0.95
grad_clip = 1.0


Overriding config with config/with_mhc_group_lora_midnorm.py:
hyper_conn_type = "mhc_group_lora_midnorm"
hyper_conn_n = 4

wandb_notes = "mhc-group-lora-midnorm (RMSNorm on LoRA rank dim, between A and B)"
out_prefix_method = "mhc-group-lora-midnorm"

Overriding: batch_size = 8
Overriding: gradient_accumulation_steps = 16
Overriding: max_iters = 30000
Overriding: lr_decay_iters = 20000
Overriding: warmup_iters = 2000
Overriding: compile = True
Overriding: init_from = resume
Overriding: wandb_run_name = L-group-lora-midnorm-owt-bs8ga16-30kstep
tokens per iteration will be: 131,072
Resuming training from ./out-owt-large-mhc-group-lora-midnorm-bs8-30000step
wandb: [wandb.login()] Loaded credentials for https://api.wandb.ai from /root/.netrc.
wandb: Currently logged in as: guotzzz (guotzzz-peking-university) to https://api.wandb.ai. Use `wandb login --relogin` to force relogin
HYPER_CONN: USING mhc_group_lora_midnorm with 4 streams
wandb: setting up run z5whemei
wandb: Tracking run with wandb version 0.28.0
wandb: Run data is saved locally in /home/work/data/guotianzizhe/project/mhc-lite/wandb/run-20260808_162036-z5whemei
wandb: Run `wandb offline` to turn off syncing.
wandb: Resuming run L-group-lora-midnorm-owt-bs8ga16-30kstep-9811
wandb: ⭐️ View project at https://wandb.ai/guotzzz-peking-university/mhc-lite
wandb: 🚀 View run at https://wandb.ai/guotzzz-peking-university/mhc-lite/runs/z5whemei
tokens per iteration will be: 131,072
====================================================================================================
n_layer = 24
n_head = 16
n_embd = 1024
block_size = 1024
bias = False
vocab_size = None
dropout = 0.0
hyper_conn_n = 4
hyper_conn_type = mhc_group_lora_midnorm
====================================================================================================
Resuming training from ./out-owt-large-mhc-group-lora-midnorm-bs8-30000step
HYPER_CONN: USING mhc_group_lora_midnorm with 4 streams
number of parameters: 362.40M
num decayed parameter tensors: 386, with 361,629,376 parameters
num non-decayed parameter tensors: 337, with 1,819,984 parameters
using fused AdamW: True
compiling the model... (takes a ~minute)
number of parameters: 362.40M
num decayed parameter tensors: 386, with 361,629,376 parameters
num non-decayed parameter tensors: 337, with 1,819,984 parameters
using fused AdamW: True
compiling the model... (takes a ~minute)
[step 25000]train loss: 2.9941, val loss: 3.0043, (avg train loss: 0.0000 ± 0.0000), (avg grad norm: 0.0000 ± 0.0000)
wandb: WARNING Tried to log to step 25000 that is less than the current step 25001. Steps must be monotonically increasing, so this data will be ignored. See https://wandb.me/define-metric to log data out of order.
[iter 25000]loss: 2.7952, tokens/sec: 1114.37 ± 0.00, tokens seen: 3276800000, grad norm: 0.5512
wandb: WARNING Tried to log to step 25000 that is less than the current step 25001. Steps must be monotonically increasing, so this data will be ignored. See https://wandb.me/define-metric to log data out of order.
[iter 25010]loss: 3.0194, tokens/sec: 26795.94 ± 8121.27, tokens seen: 3278110720, grad norm: 0.5341
[iter 25020]loss: 2.9911, tokens/sec: 28007.36 ± 6013.51, tokens seen: 3279421440, grad norm: 0.5652
[iter 25030]loss: 3.0609, tokens/sec: 28443.94 ± 4989.72, tokens seen: 3280732160, grad norm: 0.5548
[iter 25040]loss: 3.1265, tokens/sec: 28667.26 ± 4356.53, tokens seen: 3282042880, grad norm: 0.5178
[iter 25050]loss: 2.8555, tokens/sec: 28803.59 ± 3915.88, tokens seen: 3283353600, grad norm: 0.5556
[iter 25060]loss: 2.8814, tokens/sec: 28894.99 ± 3586.50, tokens seen: 3284664320, grad norm: 0.5877
[iter 25070]loss: 3.0049, tokens/sec: 28960.87 ± 3328.33, tokens seen: 3285975040, grad norm: 0.5913
[iter 25080]loss: 3.0770, tokens/sec: 29010.28 ± 3118.89, tokens seen: 3287285760, grad norm: 0.5828
[iter 25090]loss: 3.0340, tokens/sec: 29048.51 ± 2944.55, tokens seen: 3288596480, grad norm: 0.5081
[iter 25100]loss: 2.8839, tokens/sec: 29079.25 ± 2796.52, tokens seen: 3289907200, grad norm: 0.5434
[iter 25110]loss: 3.0239, tokens/sec: 29104.23 ± 2668.76, tokens seen: 3291217920, grad norm: 0.5727
[iter 25120]loss: 3.3053, tokens/sec: 29124.83 ± 2557.02, tokens seen: 3292528640, grad norm: 0.5824
[iter 25130]loss: 2.7090, tokens/sec: 29142.89 ± 2458.29, tokens seen: 3293839360, grad norm: 0.6952
[iter 25140]loss: 2.8228, tokens/sec: 29158.02 ± 2370.15, tokens seen: 3295150080, grad norm: 0.5191
[iter 25150]loss: 2.7792, tokens/sec: 29171.46 ± 2290.88, tokens seen: 3296460800, grad norm: 0.5769
[iter 25160]loss: 3.0911, tokens/sec: 29183.40 ± 2219.08, tokens seen: 3297771520, grad norm: 0.5836
[iter 25170]loss: 2.9273, tokens/sec: 29193.68 ± 2153.61, tokens seen: 3299082240, grad norm: 0.5061
[iter 25180]loss: 3.1400, tokens/sec: 29203.14 ± 2093.64, tokens seen: 3300392960, grad norm: 0.5592
[iter 25190]loss: 2.7221, tokens/sec: 29211.64 ± 2038.42, tokens seen: 3301703680, grad norm: 0.5151
[iter 25200]loss: 3.0466, tokens/sec: 29219.20 ± 1987.34, tokens seen: 3303014400, grad norm: 0.5461
[iter 25210]loss: 3.1123, tokens/sec: 29225.99 ± 1939.91, tokens seen: 3304325120, grad norm: 0.5337
[iter 25220]loss: 2.9624, tokens/sec: 29232.06 ± 1895.72, tokens seen: 3305635840, grad norm: 0.6242
[iter 25230]loss: 3.0955, tokens/sec: 29237.57 ± 1854.42, tokens seen: 3306946560, grad norm: 0.5195
[iter 25240]loss: 2.9630, tokens/sec: 29242.79 ± 1815.71, tokens seen: 3308257280, grad norm: 0.5458
[iter 25250]loss: 3.0417, tokens/sec: 29247.53 ± 1779.32, tokens seen: 3309568000, grad norm: 0.5222
[iter 25260]loss: 3.0662, tokens/sec: 29218.89 ± 1783.09, tokens seen: 3310878720, grad norm: 0.5545
[iter 25270]loss: 2.9329, tokens/sec: 29224.26 ± 1750.10, tokens seen: 3312189440, grad norm: 0.6832
[iter 25280]loss: 3.0786, tokens/sec: 29229.32 ± 1718.87, tokens seen: 3313500160, grad norm: 0.5408
[iter 25290]loss: 2.9560, tokens/sec: 29233.87 ± 1689.25, tokens seen: 3314810880, grad norm: 0.6413
[iter 25300]loss: 2.7714, tokens/sec: 29238.12 ± 1661.12, tokens seen: 3316121600, grad norm: 0.5999
[iter 25310]loss: 2.8729, tokens/sec: 29242.23 ± 1634.35, tokens seen: 3317432320, grad norm: 0.5072
[iter 25320]loss: 2.9870, tokens/sec: 29246.08 ± 1608.83, tokens seen: 3318743040, grad norm: 0.5662
[iter 25330]loss: 3.0299, tokens/sec: 29249.65 ± 1584.47, tokens seen: 3320053760, grad norm: 0.5655
[iter 25340]loss: 2.8759, tokens/sec: 29253.04 ± 1561.19, tokens seen: 3321364480, grad norm: 0.5874
[iter 25350]loss: 2.7786, tokens/sec: 29256.21 ± 1538.90, tokens seen: 3322675200, grad norm: 0.5472
[iter 25360]loss: 2.9793, tokens/sec: 29259.13 ± 1517.54, tokens seen: 3323985920, grad norm: 0.5911
[iter 25370]loss: 2.9579, tokens/sec: 29261.94 ± 1497.04, tokens seen: 3325296640, grad norm: 0.5477
[iter 25380]loss: 2.9663, tokens/sec: 29264.51 ± 1477.35, tokens seen: 3326607360, grad norm: 0.7436
[iter 25390]loss: 2.8983, tokens/sec: 29267.09 ± 1458.42, tokens seen: 3327918080, grad norm: 0.5969
[iter 25400]loss: 3.0941, tokens/sec: 29269.48 ± 1440.20, tokens seen: 3329228800, grad norm: 0.5980
[iter 25410]loss: 3.0815, tokens/sec: 29271.77 ± 1422.64, tokens seen: 3330539520, grad norm: 0.6546
[iter 25420]loss: 3.0310, tokens/sec: 29274.00 ± 1405.72, tokens seen: 3331850240, grad norm: 0.5154
[iter 25430]loss: 2.8401, tokens/sec: 29276.14 ± 1389.39, tokens seen: 3333160960, grad norm: 0.5716
[iter 25440]loss: 3.1671, tokens/sec: 29278.08 ± 1373.60, tokens seen: 3334471680, grad norm: 0.5208
[iter 25450]loss: 3.1586, tokens/sec: 29279.94 ± 1358.35, tokens seen: 3335782400, grad norm: 0.5934
[iter 25460]loss: 3.0837, tokens/sec: 29281.78 ± 1343.59, tokens seen: 3337093120, grad norm: 0.6555
[iter 25470]loss: 3.2116, tokens/sec: 29283.49 ± 1329.30, tokens seen: 3338403840, grad norm: 0.5170
[iter 25480]loss: 2.9109, tokens/sec: 29285.25 ± 1315.46, tokens seen: 3339714560, grad norm: 0.6367
[iter 25490]loss: 2.9054, tokens/sec: 29286.83 ± 1302.05, tokens seen: 3341025280, grad norm: 0.5230
[step 25500]train loss: 2.9678, val loss: 2.9882, (avg train loss: 0.3724 ± 0.0176), (avg grad norm: 0.5618 ± 0.0488)
saving checkpoint to ./out-owt-large-mhc-group-lora-midnorm-bs8-30000step
[iter 25500]loss: 3.0091, tokens/sec: 29288.40 ± 1289.03, tokens seen: 3342336000, grad norm: 0.6382
[iter 25510]loss: 3.1333, tokens/sec: 29289.88 ± 1276.40, tokens seen: 3343646720, grad norm: 0.5510
[iter 25520]loss: 3.0199, tokens/sec: 29291.19 ± 1264.13, tokens seen: 3344957440, grad norm: 0.5132
[iter 25530]loss: 2.8216, tokens/sec: 29292.55 ± 1252.21, tokens seen: 3346268160, grad norm: 0.5480
[iter 25540]loss: 2.9963, tokens/sec: 29287.02 ± 1250.38, tokens seen: 3347578880, grad norm: 0.5538
[iter 25550]loss: 2.9133, tokens/sec: 29288.38 ± 1239.02, tokens seen: 3348889600, grad norm: 0.5416
[iter 25560]loss: 3.0313, tokens/sec: 29289.75 ± 1227.97, tokens seen: 3350200320, grad norm: 0.5021
[iter 25570]loss: 3.0793, tokens/sec: 29290.96 ± 1217.20, tokens seen: 3351511040, grad norm: 0.5336
[iter 25580]loss: 2.9262, tokens/sec: 29292.18 ± 1206.72, tokens seen: 3352821760, grad norm: 0.5712
[iter 25590]loss: 2.7920, tokens/sec: 29285.78 ± 1210.15, tokens seen: 3354132480, grad norm: 0.5282
[iter 25600]loss: 2.9328, tokens/sec: 29287.08 ± 1200.08, tokens seen: 3355443200, grad norm: 0.5311
[iter 25610]loss: 2.6965, tokens/sec: 29288.48 ± 1190.27, tokens seen: 3356753920, grad norm: 0.5121
[iter 25620]loss: 3.0366, tokens/sec: 29289.52 ± 1180.67, tokens seen: 3358064640, grad norm: 0.5416
[iter 25630]loss: 2.7990, tokens/sec: 29290.71 ± 1171.32, tokens seen: 3359375360, grad norm: 0.5517
[iter 25640]loss: 2.9062, tokens/sec: 29291.83 ± 1162.18, tokens seen: 3360686080, grad norm: 0.6394
[iter 25650]loss: 3.1927, tokens/sec: 29292.94 ± 1153.25, tokens seen: 3361996800, grad norm: 0.5214
[iter 25660]loss: 3.0399, tokens/sec: 29293.98 ± 1144.53, tokens seen: 3363307520, grad norm: 0.5788
[iter 25670]loss: 2.9972, tokens/sec: 29294.99 ± 1136.00, tokens seen: 3364618240, grad norm: 0.5141
[iter 25680]loss: 2.9167, tokens/sec: 29295.97 ± 1127.66, tokens seen: 3365928960, grad norm: 0.5696
[iter 25690]loss: 3.1744, tokens/sec: 29296.89 ± 1119.49, tokens seen: 3367239680, grad norm: 0.5401
[iter 25700]loss: 2.9344, tokens/sec: 29297.84 ± 1111.51, tokens seen: 3368550400, grad norm: 0.5101
[iter 25710]loss: 3.0323, tokens/sec: 29298.76 ± 1103.69, tokens seen: 3369861120, grad norm: 0.5966
[iter 25720]loss: 2.9580, tokens/sec: 29299.60 ± 1096.03, tokens seen: 3371171840, grad norm: 0.8178
[iter 25730]loss: 3.0745, tokens/sec: 29300.38 ± 1088.53, tokens seen: 3372482560, grad norm: 0.5206
[iter 25740]loss: 2.7988, tokens/sec: 29301.13 ± 1081.18, tokens seen: 3373793280, grad norm: 0.6420
[iter 25750]loss: 2.9655, tokens/sec: 29301.89 ± 1073.98, tokens seen: 3375104000, grad norm: 0.5495
[iter 25760]loss: 2.7310, tokens/sec: 29302.67 ± 1066.92, tokens seen: 3376414720, grad norm: 0.6292
[iter 25770]loss: 2.9453, tokens/sec: 29303.46 ± 1060.00, tokens seen: 3377725440, grad norm: 0.5293
[iter 25780]loss: 3.0625, tokens/sec: 29304.18 ± 1053.21, tokens seen: 3379036160, grad norm: 0.6313
[iter 25790]loss: 2.8700, tokens/sec: 29304.90 ± 1046.55, tokens seen: 3380346880, grad norm: 0.5816
[iter 25800]loss: 2.8054, tokens/sec: 29305.58 ± 1040.02, tokens seen: 3381657600, grad norm: 0.5310
[iter 25810]loss: 2.9091, tokens/sec: 29306.31 ± 1033.61, tokens seen: 3382968320, grad norm: 0.5224
[iter 25820]loss: 3.0953, tokens/sec: 29302.63 ± 1034.71, tokens seen: 3384279040, grad norm: 0.5266
[iter 25830]loss: 3.0236, tokens/sec: 29303.32 ± 1028.49, tokens seen: 3385589760, grad norm: 0.7638
[iter 25840]loss: 3.0027, tokens/sec: 29304.00 ± 1022.37, tokens seen: 3386900480, grad norm: 0.5026
[iter 25850]loss: 2.9818, tokens/sec: 29304.58 ± 1016.36, tokens seen: 3388211200, grad norm: 0.6772
[iter 25860]loss: 3.0697, tokens/sec: 29305.23 ± 1010.46, tokens seen: 3389521920, grad norm: 0.5552
[iter 25870]loss: 2.7723, tokens/sec: 29305.88 ± 1004.66, tokens seen: 3390832640, grad norm: 0.5763
[iter 25880]loss: 2.9483, tokens/sec: 29306.48 ± 998.96, tokens seen: 3392143360, grad norm: 0.5164
[iter 25890]loss: 3.0105, tokens/sec: 29307.08 ± 993.35, tokens seen: 3393454080, grad norm: 0.5224
[iter 25900]loss: 3.0140, tokens/sec: 29307.66 ± 987.84, tokens seen: 3394764800, grad norm: 0.5730
[iter 25910]loss: 3.1601, tokens/sec: 29308.26 ± 982.42, tokens seen: 3396075520, grad norm: 0.5672
[iter 25920]loss: 2.8175, tokens/sec: 29308.81 ± 977.09, tokens seen: 3397386240, grad norm: 0.5232
[iter 25930]loss: 3.1187, tokens/sec: 29304.50 ± 982.77, tokens seen: 3398696960, grad norm: 0.5510
[iter 25940]loss: 3.2360, tokens/sec: 29305.05 ± 977.55, tokens seen: 3400007680, grad norm: 0.5153
[iter 25950]loss: 2.8980, tokens/sec: 29305.62 ± 972.41, tokens seen: 3401318400, grad norm: 0.6387
[iter 25960]loss: 2.9702, tokens/sec: 29306.16 ± 967.35, tokens seen: 3402629120, grad norm: 0.6133
[iter 25970]loss: 2.8318, tokens/sec: 29306.66 ± 962.37, tokens seen: 3403939840, grad norm: 0.5784
[iter 25980]loss: 2.8088, tokens/sec: 29307.25 ± 957.47, tokens seen: 3405250560, grad norm: 0.5194
[iter 25990]loss: 2.9924, tokens/sec: 29307.82 ± 952.65, tokens seen: 3406561280, grad norm: 0.5615
[step 26000]train loss: 2.9891, val loss: 2.9938, (avg train loss: 0.3718 ± 0.0173), (avg grad norm: 0.5725 ± 0.0508)
[iter 26000]loss: 2.9783, tokens/sec: 29308.37 ± 947.89, tokens seen: 3407872000, grad norm: 0.5437
[iter 26010]loss: 2.8613, tokens/sec: 29308.98 ± 943.21, tokens seen: 3409182720, grad norm: 0.7328
[iter 26020]loss: 2.9504, tokens/sec: 29309.53 ± 938.60, tokens seen: 3410493440, grad norm: 0.5298
[iter 26030]loss: 3.0437, tokens/sec: 29310.04 ± 934.05, tokens seen: 3411804160, grad norm: 0.6026
[iter 26040]loss: 2.9777, tokens/sec: 29310.56 ± 929.57, tokens seen: 3413114880, grad norm: 0.5112
[iter 26050]loss: 2.9048, tokens/sec: 29311.10 ± 925.15, tokens seen: 3414425600, grad norm: 0.6279
[iter 26060]loss: 2.7153, tokens/sec: 29311.64 ± 920.80, tokens seen: 3415736320, grad norm: 0.5505
[iter 26070]loss: 2.8890, tokens/sec: 29312.12 ± 916.50, tokens seen: 3417047040, grad norm: 0.5940
[iter 26080]loss: 3.1100, tokens/sec: 29312.63 ± 912.27, tokens seen: 3418357760, grad norm: 0.5881
[iter 26090]loss: 3.1303, tokens/sec: 29313.14 ± 908.09, tokens seen: 3419668480, grad norm: 0.5303
[iter 26100]loss: 2.9512, tokens/sec: 29310.37 ± 910.14, tokens seen: 3420979200, grad norm: 0.6704
[iter 26110]loss: 2.9633, tokens/sec: 29310.83 ± 906.05, tokens seen: 3422289920, grad norm: 0.5502
[iter 26120]loss: 3.0030, tokens/sec: 29311.29 ± 902.01, tokens seen: 3423600640, grad norm: 0.6734
[iter 26130]loss: 2.8420, tokens/sec: 29311.71 ± 898.03, tokens seen: 3424911360, grad norm: 0.5801
[iter 26140]loss: 3.3210, tokens/sec: 29312.02 ± 894.09, tokens seen: 3426222080, grad norm: 0.5153
[iter 26150]loss: 3.1664, tokens/sec: 29312.45 ± 890.21, tokens seen: 3427532800, grad norm: 0.6634
[iter 26160]loss: 2.8553, tokens/sec: 29312.84 ± 886.38, tokens seen: 3428843520, grad norm: 0.5477
[iter 26170]loss: 2.8622, tokens/sec: 29313.27 ± 882.60, tokens seen: 3430154240, grad norm: 0.6101
[iter 26180]loss: 2.7166, tokens/sec: 29313.63 ± 878.86, tokens seen: 3431464960, grad norm: 0.5344
[iter 26190]loss: 2.8399, tokens/sec: 29314.00 ± 875.17, tokens seen: 3432775680, grad norm: 0.5357
[iter 26200]loss: 2.9451, tokens/sec: 29314.39 ± 871.53, tokens seen: 3434086400, grad norm: 0.5106
[iter 26210]loss: 3.2281, tokens/sec: 29314.81 ± 867.94, tokens seen: 3435397120, grad norm: 0.5535
[iter 26220]loss: 3.0198, tokens/sec: 29315.20 ± 864.39, tokens seen: 3436707840, grad norm: 0.5760
[iter 26230]loss: 2.8736, tokens/sec: 29315.60 ± 860.88, tokens seen: 3438018560, grad norm: 0.6229
[iter 26240]loss: 3.1078, tokens/sec: 29316.01 ± 857.42, tokens seen: 3439329280, grad norm: 0.5238
[iter 26250]loss: 3.0591, tokens/sec: 29316.43 ± 854.00, tokens seen: 3440640000, grad norm: 0.6206
[iter 26260]loss: 3.1169, tokens/sec: 29313.20 ± 860.06, tokens seen: 3441950720, grad norm: 0.5517
[iter 26270]loss: 3.0782, tokens/sec: 29313.59 ± 856.68, tokens seen: 3443261440, grad norm: 0.5529
[iter 26280]loss: 2.8206, tokens/sec: 29313.97 ± 853.34, tokens seen: 3444572160, grad norm: 0.5520
[iter 26290]loss: 2.9994, tokens/sec: 29314.36 ± 850.04, tokens seen: 3445882880, grad norm: 0.5499
[iter 26300]loss: 2.9510, tokens/sec: 29314.75 ± 846.78, tokens seen: 3447193600, grad norm: 0.6520
[iter 26310]loss: 2.8658, tokens/sec: 29315.13 ± 843.56, tokens seen: 3448504320, grad norm: 0.5362
[iter 26320]loss: 3.0590, tokens/sec: 29315.46 ± 840.37, tokens seen: 3449815040, grad norm: 0.5185
[iter 26330]loss: 2.9778, tokens/sec: 29315.80 ± 837.22, tokens seen: 3451125760, grad norm: 0.5347
[iter 26340]loss: 3.1744, tokens/sec: 29316.14 ± 834.10, tokens seen: 3452436480, grad norm: 0.5165
[iter 26350]loss: 2.9006, tokens/sec: 29316.48 ± 831.01, tokens seen: 3453747200, grad norm: 0.6156
[iter 26360]loss: 3.1518, tokens/sec: 29316.79 ± 827.96, tokens seen: 3455057920, grad norm: 0.6016
[iter 26370]loss: 3.1356, tokens/sec: 29317.15 ± 824.95, tokens seen: 3456368640, grad norm: 0.5411
[iter 26380]loss: 3.1894, tokens/sec: 29317.46 ± 821.97, tokens seen: 3457679360, grad norm: 0.6053
[iter 26390]loss: 3.1262, tokens/sec: 29315.24 ± 824.50, tokens seen: 3458990080, grad norm: 0.6474
[iter 26400]loss: 2.9164, tokens/sec: 29315.55 ± 821.56, tokens seen: 3460300800, grad norm: 0.5547
[iter 26410]loss: 2.9894, tokens/sec: 29315.90 ± 818.66, tokens seen: 3461611520, grad norm: 0.7654
[iter 26420]loss: 2.9489, tokens/sec: 29316.26 ± 815.78, tokens seen: 3462922240, grad norm: 0.6150
[iter 26430]loss: 2.8949, tokens/sec: 29316.58 ± 812.94, tokens seen: 3464232960, grad norm: 0.5642
[iter 26440]loss: 3.1029, tokens/sec: 29316.90 ± 810.12, tokens seen: 3465543680, grad norm: 0.5670
[iter 26450]loss: 3.1098, tokens/sec: 29317.22 ± 807.33, tokens seen: 3466854400, grad norm: 0.5814
[iter 26460]loss: 2.8504, tokens/sec: 29317.49 ± 804.57, tokens seen: 3468165120, grad norm: 0.5449
[iter 26470]loss: 2.8697, tokens/sec: 29317.77 ± 801.84, tokens seen: 3469475840, grad norm: 0.5858
[iter 26480]loss: 2.8527, tokens/sec: 29318.02 ± 799.13, tokens seen: 3470786560, grad norm: 0.5325
[iter 26490]loss: 2.9039, tokens/sec: 29318.30 ± 796.46, tokens seen: 3472097280, grad norm: 0.5258
[step 26500]train loss: 2.9645, val loss: 2.9745, (avg train loss: 0.3722 ± 0.0169), (avg grad norm: 0.5751 ± 0.0588)
saving checkpoint to ./out-owt-large-mhc-group-lora-midnorm-bs8-30000step
[iter 26500]loss: 2.9553, tokens/sec: 29318.56 ± 793.81, tokens seen: 3473408000, grad norm: 0.5737
[iter 26510]loss: 2.7600, tokens/sec: 29318.91 ± 791.19, tokens seen: 3474718720, grad norm: 0.6286
[iter 26520]loss: 2.9735, tokens/sec: 29319.20 ± 788.59, tokens seen: 3476029440, grad norm: 0.5160
[iter 26530]loss: 3.0706, tokens/sec: 29319.46 ± 786.02, tokens seen: 3477340160, grad norm: 0.5568
[iter 26540]loss: 3.2804, tokens/sec: 29319.72 ± 783.47, tokens seen: 3478650880, grad norm: 0.5750
[iter 26550]loss: 3.0140, tokens/sec: 29319.99 ± 780.95, tokens seen: 3479961600, grad norm: 0.5579
[iter 26560]loss: 2.8134, tokens/sec: 29320.26 ± 778.45, tokens seen: 3481272320, grad norm: 0.5605
[iter 26570]loss: 2.4481, tokens/sec: 29320.51 ± 775.97, tokens seen: 3482583040, grad norm: 0.6304
[iter 26580]loss: 3.2432, tokens/sec: 29320.78 ± 773.52, tokens seen: 3483893760, grad norm: 0.6809
[iter 26590]loss: 2.9870, tokens/sec: 29318.14 ± 779.52, tokens seen: 3485204480, grad norm: 0.6140
[iter 26600]loss: 3.0693, tokens/sec: 29318.42 ± 777.09, tokens seen: 3486515200, grad norm: 0.5397
[iter 26610]loss: 2.8943, tokens/sec: 29318.70 ± 774.68, tokens seen: 3487825920, grad norm: 0.5722
[iter 26620]loss: 3.0055, tokens/sec: 29318.98 ± 772.29, tokens seen: 3489136640, grad norm: 0.6373
[iter 26630]loss: 2.7997, tokens/sec: 29319.23 ± 769.93, tokens seen: 3490447360, grad norm: 0.5799
[iter 26640]loss: 2.9734, tokens/sec: 29319.46 ± 767.59, tokens seen: 3491758080, grad norm: 0.5507
[iter 26650]loss: 2.9192, tokens/sec: 29319.72 ± 765.27, tokens seen: 3493068800, grad norm: 0.5305
[iter 26660]loss: 2.9460, tokens/sec: 29319.97 ± 762.97, tokens seen: 3494379520, grad norm: 0.5349
[iter 26670]loss: 2.7327, tokens/sec: 29318.09 ± 765.58, tokens seen: 3495690240, grad norm: 0.5406
[iter 26680]loss: 3.1781, tokens/sec: 29318.33 ± 763.31, tokens seen: 3497000960, grad norm: 0.5304
[iter 26690]loss: 2.9881, tokens/sec: 29318.55 ± 761.05, tokens seen: 3498311680, grad norm: 0.6843
[iter 26700]loss: 2.9685, tokens/sec: 29318.79 ± 758.82, tokens seen: 3499622400, grad norm: 0.5371
[iter 26710]loss: 2.9587, tokens/sec: 29319.05 ± 756.61, tokens seen: 3500933120, grad norm: 0.5830
[iter 26720]loss: 2.6458, tokens/sec: 29319.28 ± 754.41, tokens seen: 3502243840, grad norm: 0.6556
[iter 26730]loss: 2.7939, tokens/sec: 29319.48 ± 752.24, tokens seen: 3503554560, grad norm: 0.6449
[iter 26740]loss: 3.1355, tokens/sec: 29319.73 ± 750.08, tokens seen: 3504865280, grad norm: 0.5710
[iter 26750]loss: 2.9113, tokens/sec: 29319.95 ± 747.94, tokens seen: 3506176000, grad norm: 0.6506
[iter 26760]loss: 2.8898, tokens/sec: 29320.16 ± 745.82, tokens seen: 3507486720, grad norm: 0.6093
[iter 26770]loss: 2.9782, tokens/sec: 29320.38 ± 743.72, tokens seen: 3508797440, grad norm: 0.6815
[iter 26780]loss: 3.2290, tokens/sec: 29320.62 ± 741.63, tokens seen: 3510108160, grad norm: 0.5804
[iter 26790]loss: 2.7951, tokens/sec: 29320.83 ± 739.56, tokens seen: 3511418880, grad norm: 0.5427
[iter 26800]loss: 2.9118, tokens/sec: 29321.05 ± 737.51, tokens seen: 3512729600, grad norm: 0.5621
[iter 26810]loss: 2.9157, tokens/sec: 29321.25 ± 735.48, tokens seen: 3514040320, grad norm: 0.6400
[iter 26820]loss: 2.9050, tokens/sec: 29321.48 ± 733.46, tokens seen: 3515351040, grad norm: 0.5521
[iter 26830]loss: 3.0159, tokens/sec: 29321.71 ± 731.47, tokens seen: 3516661760, grad norm: 0.5199
[iter 26840]loss: 2.6879, tokens/sec: 29321.91 ± 729.48, tokens seen: 3517972480, grad norm: 0.6025
[iter 26850]loss: 2.8636, tokens/sec: 29322.17 ± 727.52, tokens seen: 3519283200, grad norm: 0.7110
[iter 26860]loss: 3.0191, tokens/sec: 29322.32 ± 725.56, tokens seen: 3520593920, grad norm: 0.5696
[iter 26870]loss: 3.0071, tokens/sec: 29322.54 ± 723.63, tokens seen: 3521904640, grad norm: 0.6004
[iter 26880]loss: 3.0210, tokens/sec: 29322.77 ± 721.71, tokens seen: 3523215360, grad norm: 0.6201
[iter 26890]loss: 2.9163, tokens/sec: 29322.99 ± 719.81, tokens seen: 3524526080, grad norm: 0.5601
[iter 26900]loss: 2.9759, tokens/sec: 29323.20 ± 717.92, tokens seen: 3525836800, grad norm: 0.5325
[iter 26910]loss: 2.7555, tokens/sec: 29323.42 ± 716.04, tokens seen: 3527147520, grad norm: 0.6570
[iter 26920]loss: 2.8444, tokens/sec: 29323.63 ± 714.18, tokens seen: 3528458240, grad norm: 0.6399
[iter 26930]loss: 2.7951, tokens/sec: 29321.46 ± 719.70, tokens seen: 3529768960, grad norm: 0.6141
[iter 26940]loss: 2.9437, tokens/sec: 29321.63 ± 717.84, tokens seen: 3531079680, grad norm: 0.5155
[iter 26950]loss: 2.9708, tokens/sec: 29320.01 ± 720.36, tokens seen: 3532390400, grad norm: 0.6246
[iter 26960]loss: 2.8394, tokens/sec: 29320.22 ± 718.53, tokens seen: 3533701120, grad norm: 0.5775
[iter 26970]loss: 3.0477, tokens/sec: 29320.42 ± 716.71, tokens seen: 3535011840, grad norm: 0.5390
[iter 26980]loss: 2.9460, tokens/sec: 29320.60 ± 714.90, tokens seen: 3536322560, grad norm: 0.5993
[iter 26990]loss: 3.0623, tokens/sec: 29320.80 ± 713.11, tokens seen: 3537633280, grad norm: 0.5676
[step 27000]train loss: 2.9781, val loss: 2.9823, (avg train loss: 0.3701 ± 0.0153), (avg grad norm: 0.5753 ± 0.0499)
[iter 27000]loss: 2.8860, tokens/sec: 29321.01 ± 711.33, tokens seen: 3538944000, grad norm: 0.5252
[iter 27010]loss: 3.0211, tokens/sec: 29321.25 ± 709.57, tokens seen: 3540254720, grad norm: 0.5609
[iter 27020]loss: 3.1606, tokens/sec: 29321.44 ± 707.82, tokens seen: 3541565440, grad norm: 0.5404
[iter 27030]loss: 3.0471, tokens/sec: 29321.63 ± 706.08, tokens seen: 3542876160, grad norm: 0.6085
[iter 27040]loss: 3.0028, tokens/sec: 29321.83 ± 704.35, tokens seen: 3544186880, grad norm: 0.5574
[iter 27050]loss: 2.9182, tokens/sec: 29322.01 ± 702.64, tokens seen: 3545497600, grad norm: 0.5823
[iter 27060]loss: 2.8530, tokens/sec: 29322.20 ± 700.93, tokens seen: 3546808320, grad norm: 0.4971
[iter 27070]loss: 2.9309, tokens/sec: 29322.38 ± 699.24, tokens seen: 3548119040, grad norm: 0.6196
[iter 27080]loss: 2.8978, tokens/sec: 29322.53 ± 697.57, tokens seen: 3549429760, grad norm: 0.6485
[iter 27090]loss: 2.9846, tokens/sec: 29322.70 ± 695.90, tokens seen: 3550740480, grad norm: 0.6249
[iter 27100]loss: 2.7893, tokens/sec: 29322.88 ± 694.25, tokens seen: 3552051200, grad norm: 0.5804
[iter 27110]loss: 2.9801, tokens/sec: 29323.07 ± 692.61, tokens seen: 3553361920, grad norm: 0.5971
[iter 27120]loss: 2.8636, tokens/sec: 29323.24 ± 690.98, tokens seen: 3554672640, grad norm: 0.5323
[iter 27130]loss: 3.0003, tokens/sec: 29323.39 ± 689.36, tokens seen: 3555983360, grad norm: 0.5810
[iter 27140]loss: 3.1037, tokens/sec: 29323.56 ± 687.75, tokens seen: 3557294080, grad norm: 0.5935
[iter 27150]loss: 2.8839, tokens/sec: 29323.69 ± 686.15, tokens seen: 3558604800, grad norm: 0.6203
[iter 27160]loss: 3.0581, tokens/sec: 29323.84 ± 684.57, tokens seen: 3559915520, grad norm: 0.5566
[iter 27170]loss: 3.2362, tokens/sec: 29324.01 ± 682.99, tokens seen: 3561226240, grad norm: 0.6173
[iter 27180]loss: 3.0831, tokens/sec: 29324.16 ± 681.43, tokens seen: 3562536960, grad norm: 0.6622
[iter 27190]loss: 2.6829, tokens/sec: 29324.29 ± 679.88, tokens seen: 3563847680, grad norm: 0.6142
[iter 27200]loss: 2.9756, tokens/sec: 29324.47 ± 678.33, tokens seen: 3565158400, grad norm: 0.5452
[iter 27210]loss: 3.0086, tokens/sec: 29324.61 ± 676.80, tokens seen: 3566469120, grad norm: 0.5744
[iter 27220]loss: 3.0783, tokens/sec: 29324.76 ± 675.28, tokens seen: 3567779840, grad norm: 0.5404
[iter 27230]loss: 2.9478, tokens/sec: 29323.29 ± 678.05, tokens seen: 3569090560, grad norm: 0.5601
[iter 27240]loss: 2.8943, tokens/sec: 29323.47 ± 676.54, tokens seen: 3570401280, grad norm: 0.5461
[iter 27250]loss: 2.9602, tokens/sec: 29323.65 ± 675.04, tokens seen: 3571712000, grad norm: 0.5256
[iter 27260]loss: 2.9228, tokens/sec: 29321.78 ± 680.44, tokens seen: 3573022720, grad norm: 0.5381
[iter 27270]loss: 3.0143, tokens/sec: 29321.97 ± 678.95, tokens seen: 3574333440, grad norm: 0.5184
[iter 27280]loss: 3.0286, tokens/sec: 29322.14 ± 677.47, tokens seen: 3575644160, grad norm: 0.6481
[iter 27290]loss: 2.9289, tokens/sec: 29322.33 ± 675.99, tokens seen: 3576954880, grad norm: 0.5617
[iter 27300]loss: 3.3805, tokens/sec: 29322.52 ± 674.53, tokens seen: 3578265600, grad norm: 0.6238
[iter 27310]loss: 3.0453, tokens/sec: 29322.70 ± 673.07, tokens seen: 3579576320, grad norm: 0.6379
[iter 27320]loss: 3.0057, tokens/sec: 29322.88 ± 671.63, tokens seen: 3580887040, grad norm: 0.5525
[iter 27330]loss: 2.8417, tokens/sec: 29323.07 ± 670.19, tokens seen: 3582197760, grad norm: 0.5362
[iter 27340]loss: 2.7074, tokens/sec: 29323.25 ± 668.76, tokens seen: 3583508480, grad norm: 0.7008
[iter 27350]loss: 3.0006, tokens/sec: 29323.42 ± 667.34, tokens seen: 3584819200, grad norm: 0.5578
[iter 27360]loss: 3.0209, tokens/sec: 29323.60 ± 665.93, tokens seen: 3586129920, grad norm: 0.6272
[iter 27370]loss: 3.0147, tokens/sec: 29323.78 ± 664.53, tokens seen: 3587440640, grad norm: 0.5327
[iter 27380]loss: 3.0287, tokens/sec: 29323.95 ± 663.14, tokens seen: 3588751360, grad norm: 0.5994
[iter 27390]loss: 3.0526, tokens/sec: 29324.11 ± 661.76, tokens seen: 3590062080, grad norm: 0.5928
[iter 27400]loss: 2.7170, tokens/sec: 29324.28 ± 660.39, tokens seen: 3591372800, grad norm: 0.5508
[iter 27410]loss: 2.8023, tokens/sec: 29324.45 ± 659.02, tokens seen: 3592683520, grad norm: 0.7751
[iter 27420]loss: 2.9304, tokens/sec: 29324.62 ± 657.66, tokens seen: 3593994240, grad norm: 0.6711
[iter 27430]loss: 3.0130, tokens/sec: 29324.76 ± 656.31, tokens seen: 3595304960, grad norm: 0.5505
[iter 27440]loss: 2.6755, tokens/sec: 29324.92 ± 654.97, tokens seen: 3596615680, grad norm: 0.5539
[iter 27450]loss: 2.9737, tokens/sec: 29325.07 ± 653.64, tokens seen: 3597926400, grad norm: 0.5504
[iter 27460]loss: 2.9073, tokens/sec: 29325.21 ± 652.31, tokens seen: 3599237120, grad norm: 0.5559
[iter 27470]loss: 3.1478, tokens/sec: 29325.36 ± 651.00, tokens seen: 3600547840, grad norm: 0.5399
[iter 27480]loss: 3.0007, tokens/sec: 29325.51 ± 649.69, tokens seen: 3601858560, grad norm: 0.5411
[iter 27490]loss: 3.0141, tokens/sec: 29325.64 ± 648.38, tokens seen: 3603169280, grad norm: 0.5348
[step 27500]train loss: 2.9809, val loss: 2.9793, (avg train loss: 0.3723 ± 0.0180), (avg grad norm: 0.5879 ± 0.0578)
[iter 27500]loss: 2.9794, tokens/sec: 29325.80 ± 647.09, tokens seen: 3604480000, grad norm: 0.5448
[iter 27510]loss: 3.1427, tokens/sec: 29324.68 ± 648.97, tokens seen: 3605790720, grad norm: 0.6500
[iter 27520]loss: 2.9519, tokens/sec: 29324.83 ± 647.68, tokens seen: 3607101440, grad norm: 0.5697
[iter 27530]loss: 2.8247, tokens/sec: 29324.99 ± 646.41, tokens seen: 3608412160, grad norm: 0.4959
[iter 27540]loss: 3.1039, tokens/sec: 29325.14 ± 645.14, tokens seen: 3609722880, grad norm: 0.5619
[iter 27550]loss: 2.9951, tokens/sec: 29325.29 ± 643.88, tokens seen: 3611033600, grad norm: 0.5931
[iter 27560]loss: 3.0493, tokens/sec: 29325.46 ± 642.63, tokens seen: 3612344320, grad norm: 0.5683
[iter 27570]loss: 3.0811, tokens/sec: 29325.60 ± 641.38, tokens seen: 3613655040, grad norm: 0.5482
[iter 27580]loss: 3.0923, tokens/sec: 29325.76 ± 640.14, tokens seen: 3614965760, grad norm: 0.5757
[iter 27590]loss: 3.0039, tokens/sec: 29324.15 ± 645.03, tokens seen: 3616276480, grad norm: 0.5914
[iter 27600]loss: 2.9933, tokens/sec: 29324.29 ± 643.80, tokens seen: 3617587200, grad norm: 0.5984
[iter 27610]loss: 2.8911, tokens/sec: 29324.43 ± 642.57, tokens seen: 3618897920, grad norm: 0.6855
[iter 27620]loss: 3.1093, tokens/sec: 29324.57 ± 641.34, tokens seen: 3620208640, grad norm: 0.5601
[iter 27630]loss: 2.9934, tokens/sec: 29324.70 ± 640.13, tokens seen: 3621519360, grad norm: 0.5656
[iter 27640]loss: 2.9814, tokens/sec: 29324.85 ± 638.92, tokens seen: 3622830080, grad norm: 0.5507
[iter 27650]loss: 2.8492, tokens/sec: 29325.00 ± 637.72, tokens seen: 3624140800, grad norm: 0.6108
[iter 27660]loss: 2.7345, tokens/sec: 29325.13 ± 636.52, tokens seen: 3625451520, grad norm: 0.5369
[iter 27670]loss: 2.6183, tokens/sec: 29325.26 ± 635.33, tokens seen: 3626762240, grad norm: 0.5709
[iter 27680]loss: 3.1130, tokens/sec: 29325.39 ± 634.15, tokens seen: 3628072960, grad norm: 0.5578
[iter 27690]loss: 3.0770, tokens/sec: 29325.53 ± 632.98, tokens seen: 3629383680, grad norm: 0.5823
[iter 27700]loss: 2.9806, tokens/sec: 29325.66 ± 631.81, tokens seen: 3630694400, grad norm: 0.5683
[iter 27710]loss: 3.0106, tokens/sec: 29325.79 ± 630.64, tokens seen: 3632005120, grad norm: 0.5832
[iter 27720]loss: 3.1572, tokens/sec: 29325.93 ± 629.49, tokens seen: 3633315840, grad norm: 0.5629
[iter 27730]loss: 2.9892, tokens/sec: 29326.07 ± 628.34, tokens seen: 3634626560, grad norm: 0.5471
[iter 27740]loss: 3.1314, tokens/sec: 29326.23 ± 627.20, tokens seen: 3635937280, grad norm: 0.5579
[iter 27750]loss: 3.0682, tokens/sec: 29326.37 ± 626.06, tokens seen: 3637248000, grad norm: 0.5391
[iter 27760]loss: 2.7114, tokens/sec: 29326.51 ± 624.93, tokens seen: 3638558720, grad norm: 0.5268
[iter 27770]loss: 3.0487, tokens/sec: 29326.66 ± 623.81, tokens seen: 3639869440, grad norm: 0.5489
[iter 27780]loss: 2.9726, tokens/sec: 29326.81 ± 622.69, tokens seen: 3641180160, grad norm: 0.5723
[iter 27790]loss: 2.9817, tokens/sec: 29326.94 ± 621.58, tokens seen: 3642490880, grad norm: 0.6557
[iter 27800]loss: 3.0425, tokens/sec: 29325.98 ± 623.04, tokens seen: 3643801600, grad norm: 0.5506
[iter 27810]loss: 2.7386, tokens/sec: 29326.11 ± 621.94, tokens seen: 3645112320, grad norm: 0.6276
[iter 27820]loss: 2.8868, tokens/sec: 29326.25 ± 620.84, tokens seen: 3646423040, grad norm: 0.5647
[iter 27830]loss: 2.7029, tokens/sec: 29326.40 ± 619.74, tokens seen: 3647733760, grad norm: 0.5838
[iter 27840]loss: 3.1255, tokens/sec: 29326.54 ± 618.66, tokens seen: 3649044480, grad norm: 0.5256
[iter 27850]loss: 2.7884, tokens/sec: 29326.67 ± 617.58, tokens seen: 3650355200, grad norm: 0.5487
[iter 27860]loss: 2.7612, tokens/sec: 29326.82 ± 616.50, tokens seen: 3651665920, grad norm: 0.6075
[iter 27870]loss: 3.0076, tokens/sec: 29326.96 ± 615.43, tokens seen: 3652976640, grad norm: 0.5460
[iter 27880]loss: 2.9582, tokens/sec: 29327.08 ± 614.36, tokens seen: 3654287360, grad norm: 0.7079
[iter 27890]loss: 3.1807, tokens/sec: 29327.21 ± 613.30, tokens seen: 3655598080, grad norm: 0.5837
[iter 27900]loss: 3.1261, tokens/sec: 29327.34 ± 612.25, tokens seen: 3656908800, grad norm: 0.5576
[iter 27910]loss: 2.9774, tokens/sec: 29327.46 ± 611.20, tokens seen: 3658219520, grad norm: 0.5565
[iter 27920]loss: 2.8507, tokens/sec: 29327.57 ± 610.16, tokens seen: 3659530240, grad norm: 0.5701
[iter 27930]loss: 3.1857, tokens/sec: 29326.19 ± 614.42, tokens seen: 3660840960, grad norm: 0.5338
[iter 27940]loss: 2.8866, tokens/sec: 29326.31 ± 613.38, tokens seen: 3662151680, grad norm: 0.6645
[iter 27950]loss: 2.9369, tokens/sec: 29326.43 ± 612.35, tokens seen: 3663462400, grad norm: 0.6915
[iter 27960]loss: 2.9641, tokens/sec: 29326.55 ± 611.31, tokens seen: 3664773120, grad norm: 0.5862
[iter 27970]loss: 3.0085, tokens/sec: 29326.66 ± 610.29, tokens seen: 3666083840, grad norm: 0.5581
[iter 27980]loss: 3.1650, tokens/sec: 29326.79 ± 609.27, tokens seen: 3667394560, grad norm: 0.5325
[iter 27990]loss: 2.7105, tokens/sec: 29326.91 ± 608.25, tokens seen: 3668705280, grad norm: 0.5163
[step 28000]train loss: 2.9676, val loss: 2.9767, (avg train loss: 0.3699 ± 0.0170), (avg grad norm: 0.5743 ± 0.0451)
[iter 28000]loss: 3.0439, tokens/sec: 29327.04 ± 607.24, tokens seen: 3670016000, grad norm: 0.5619
[iter 28010]loss: 2.9614, tokens/sec: 29327.18 ± 606.24, tokens seen: 3671326720, grad norm: 0.5216
[iter 28020]loss: 3.0862, tokens/sec: 29327.30 ± 605.24, tokens seen: 3672637440, grad norm: 0.6354
[iter 28030]loss: 2.9113, tokens/sec: 29327.43 ± 604.24, tokens seen: 3673948160, grad norm: 0.5292
[iter 28040]loss: 2.6497, tokens/sec: 29327.56 ± 603.25, tokens seen: 3675258880, grad norm: 0.6954
[iter 28050]loss: 2.8200, tokens/sec: 29327.67 ± 602.27, tokens seen: 3676569600, grad norm: 0.5863
[iter 28060]loss: 2.9510, tokens/sec: 29327.79 ± 601.29, tokens seen: 3677880320, grad norm: 0.5554
[iter 28070]loss: 2.8446, tokens/sec: 29327.91 ± 600.31, tokens seen: 3679191040, grad norm: 0.5759
[iter 28080]loss: 2.9091, tokens/sec: 29327.05 ± 601.76, tokens seen: 3680501760, grad norm: 0.6361
[iter 28090]loss: 3.0542, tokens/sec: 29327.17 ± 600.79, tokens seen: 3681812480, grad norm: 0.5731
[iter 28100]loss: 3.0356, tokens/sec: 29327.29 ± 599.82, tokens seen: 3683123200, grad norm: 0.5341
[iter 28110]loss: 3.0044, tokens/sec: 29327.39 ± 598.86, tokens seen: 3684433920, grad norm: 0.6175
[iter 28120]loss: 2.7701, tokens/sec: 29327.49 ± 597.90, tokens seen: 3685744640, grad norm: 0.5719
[iter 28130]loss: 3.1159, tokens/sec: 29327.58 ± 596.95, tokens seen: 3687055360, grad norm: 0.6849
[iter 28140]loss: 2.7888, tokens/sec: 29327.68 ± 596.00, tokens seen: 3688366080, grad norm: 0.5772
[iter 28150]loss: 2.6829, tokens/sec: 29327.79 ± 595.06, tokens seen: 3689676800, grad norm: 0.5278
[iter 28160]loss: 2.9871, tokens/sec: 29327.89 ± 594.12, tokens seen: 3690987520, grad norm: 0.5401
[iter 28170]loss: 2.9216, tokens/sec: 29327.99 ± 593.18, tokens seen: 3692298240, grad norm: 0.5679
[iter 28180]loss: 2.9204, tokens/sec: 29328.09 ± 592.25, tokens seen: 3693608960, grad norm: 0.5402
[iter 28190]loss: 2.9701, tokens/sec: 29328.17 ± 591.33, tokens seen: 3694919680, grad norm: 0.6586
[iter 28200]loss: 2.6776, tokens/sec: 29328.27 ± 590.41, tokens seen: 3696230400, grad norm: 0.5416
[iter 28210]loss: 2.9147, tokens/sec: 29328.36 ± 589.49, tokens seen: 3697541120, grad norm: 0.5729
[iter 28220]loss: 3.0886, tokens/sec: 29328.45 ± 588.57, tokens seen: 3698851840, grad norm: 0.5501
[iter 28230]loss: 3.0098, tokens/sec: 29328.55 ± 587.67, tokens seen: 3700162560, grad norm: 0.5693
[iter 28240]loss: 3.2044, tokens/sec: 29328.65 ± 586.76, tokens seen: 3701473280, grad norm: 0.5989
[iter 28250]loss: 2.9944, tokens/sec: 29328.74 ± 585.86, tokens seen: 3702784000, grad norm: 0.6584
[iter 28260]loss: 2.9352, tokens/sec: 29327.63 ± 588.78, tokens seen: 3704094720, grad norm: 0.6432
[iter 28270]loss: 3.1291, tokens/sec: 29327.70 ± 587.88, tokens seen: 3705405440, grad norm: 0.7134
[iter 28280]loss: 3.0393, tokens/sec: 29327.79 ± 586.99, tokens seen: 3706716160, grad norm: 0.5702
[iter 28290]loss: 2.8310, tokens/sec: 29327.89 ± 586.10, tokens seen: 3708026880, grad norm: 0.6480
[iter 28300]loss: 3.0154, tokens/sec: 29327.98 ± 585.21, tokens seen: 3709337600, grad norm: 0.5817
[iter 28310]loss: 2.6897, tokens/sec: 29328.08 ± 584.33, tokens seen: 3710648320, grad norm: 0.7278
[iter 28320]loss: 2.9706, tokens/sec: 29328.16 ± 583.45, tokens seen: 3711959040, grad norm: 0.6237
[iter 28330]loss: 2.9646, tokens/sec: 29328.24 ± 582.58, tokens seen: 3713269760, grad norm: 0.6033
[iter 28340]loss: 2.7898, tokens/sec: 29328.34 ± 581.71, tokens seen: 3714580480, grad norm: 0.5661
[iter 28350]loss: 2.8017, tokens/sec: 29328.42 ± 580.84, tokens seen: 3715891200, grad norm: 0.6218
[iter 28360]loss: 2.8078, tokens/sec: 29327.61 ± 582.25, tokens seen: 3717201920, grad norm: 0.5239
[iter 28370]loss: 2.9372, tokens/sec: 29327.70 ± 581.39, tokens seen: 3718512640, grad norm: 0.6036
[iter 28380]loss: 3.0108, tokens/sec: 29327.80 ± 580.53, tokens seen: 3719823360, grad norm: 0.6179
[iter 28390]loss: 3.0222, tokens/sec: 29327.90 ± 579.68, tokens seen: 3721134080, grad norm: 0.5498
[iter 28400]loss: 2.8727, tokens/sec: 29327.99 ± 578.83, tokens seen: 3722444800, grad norm: 0.5664
[iter 28410]loss: 2.9375, tokens/sec: 29328.08 ± 577.98, tokens seen: 3723755520, grad norm: 0.6035
[iter 28420]loss: 3.0467, tokens/sec: 29328.15 ± 577.14, tokens seen: 3725066240, grad norm: 0.6748
[iter 28430]loss: 2.8350, tokens/sec: 29328.25 ± 576.30, tokens seen: 3726376960, grad norm: 0.5483
[iter 28440]loss: 2.5861, tokens/sec: 29328.34 ± 575.47, tokens seen: 3727687680, grad norm: 0.6703
[iter 28450]loss: 2.9976, tokens/sec: 29328.43 ± 574.63, tokens seen: 3728998400, grad norm: 0.6659
[iter 28460]loss: 2.8153, tokens/sec: 29328.52 ± 573.81, tokens seen: 3730309120, grad norm: 0.5455
[iter 28470]loss: 2.8864, tokens/sec: 29328.62 ± 572.98, tokens seen: 3731619840, grad norm: 0.6730
[iter 28480]loss: 2.9387, tokens/sec: 29328.73 ± 572.16, tokens seen: 3732930560, grad norm: 0.6646
[iter 28490]loss: 2.9239, tokens/sec: 29328.82 ± 571.34, tokens seen: 3734241280, grad norm: 0.7434
[step 28500]train loss: 2.9736, val loss: 2.9782, (avg train loss: 0.3698 ± 0.0185), (avg grad norm: 0.6143 ± 0.0795)
[iter 28500]loss: 2.7805, tokens/sec: 29328.91 ± 570.53, tokens seen: 3735552000, grad norm: 0.5772
[iter 28510]loss: 3.0451, tokens/sec: 29329.01 ± 569.72, tokens seen: 3736862720, grad norm: 0.5647
[iter 28520]loss: 3.0977, tokens/sec: 29329.11 ± 568.91, tokens seen: 3738173440, grad norm: 0.5824
[iter 28530]loss: 2.8319, tokens/sec: 29329.23 ± 568.11, tokens seen: 3739484160, grad norm: 0.5476
[iter 28540]loss: 2.8698, tokens/sec: 29329.33 ± 567.31, tokens seen: 3740794880, grad norm: 0.6108
[iter 28550]loss: 3.0324, tokens/sec: 29329.42 ± 566.52, tokens seen: 3742105600, grad norm: 0.5421
[iter 28560]loss: 2.9705, tokens/sec: 29329.51 ± 565.72, tokens seen: 3743416320, grad norm: 0.6912
[iter 28570]loss: 2.9779, tokens/sec: 29329.61 ± 564.93, tokens seen: 3744727040, grad norm: 0.6732
[iter 28580]loss: 2.8269, tokens/sec: 29328.63 ± 567.70, tokens seen: 3746037760, grad norm: 0.5766
[iter 28590]loss: 3.0313, tokens/sec: 29328.73 ± 566.91, tokens seen: 3747348480, grad norm: 0.6899
[iter 28600]loss: 2.8383, tokens/sec: 29328.82 ± 566.13, tokens seen: 3748659200, grad norm: 0.7060
[iter 28610]loss: 2.9039, tokens/sec: 29328.94 ± 565.35, tokens seen: 3749969920, grad norm: 0.6744
[iter 28620]loss: 2.9859, tokens/sec: 29329.04 ± 564.57, tokens seen: 3751280640, grad norm: 0.5511
[iter 28630]loss: 3.1900, tokens/sec: 29329.13 ± 563.79, tokens seen: 3752591360, grad norm: 0.5656
[iter 28640]loss: 2.9489, tokens/sec: 29328.39 ± 565.22, tokens seen: 3753902080, grad norm: 0.5748
[iter 28650]loss: 2.9766, tokens/sec: 29328.48 ± 564.45, tokens seen: 3755212800, grad norm: 0.6140
[iter 28660]loss: 3.1330, tokens/sec: 29328.58 ± 563.68, tokens seen: 3756523520, grad norm: 0.5955
[iter 28670]loss: 2.7482, tokens/sec: 29328.69 ± 562.92, tokens seen: 3757834240, grad norm: 0.5408
[iter 28680]loss: 3.1729, tokens/sec: 29328.79 ± 562.15, tokens seen: 3759144960, grad norm: 0.5492
[iter 28690]loss: 2.9454, tokens/sec: 29328.90 ± 561.40, tokens seen: 3760455680, grad norm: 0.5856
[iter 28700]loss: 2.8266, tokens/sec: 29329.00 ± 560.64, tokens seen: 3761766400, grad norm: 0.6194
[iter 28710]loss: 3.3149, tokens/sec: 29329.09 ± 559.89, tokens seen: 3763077120, grad norm: 0.6165
[iter 28720]loss: 2.7936, tokens/sec: 29329.19 ± 559.14, tokens seen: 3764387840, grad norm: 0.5258
[iter 28730]loss: 2.8553, tokens/sec: 29329.28 ± 558.39, tokens seen: 3765698560, grad norm: 0.6106
[iter 28740]loss: 3.2222, tokens/sec: 29329.37 ± 557.65, tokens seen: 3767009280, grad norm: 0.5643
[iter 28750]loss: 2.9846, tokens/sec: 29329.46 ± 556.91, tokens seen: 3768320000, grad norm: 0.6516
[iter 28760]loss: 3.0611, tokens/sec: 29329.56 ± 556.17, tokens seen: 3769630720, grad norm: 0.6539
[iter 28770]loss: 3.1246, tokens/sec: 29329.65 ± 555.43, tokens seen: 3770941440, grad norm: 0.5859
[iter 28780]loss: 2.9594, tokens/sec: 29329.74 ± 554.70, tokens seen: 3772252160, grad norm: 0.5439
[iter 28790]loss: 3.1412, tokens/sec: 29329.83 ± 553.97, tokens seen: 3773562880, grad norm: 0.5622
[iter 28800]loss: 3.1031, tokens/sec: 29329.92 ± 553.25, tokens seen: 3774873600, grad norm: 0.6320
[iter 28810]loss: 3.0122, tokens/sec: 29330.00 ± 552.52, tokens seen: 3776184320, grad norm: 0.6469
[iter 28820]loss: 2.9351, tokens/sec: 29330.10 ± 551.80, tokens seen: 3777495040, grad norm: 0.6545
[iter 28830]loss: 3.0466, tokens/sec: 29330.19 ± 551.08, tokens seen: 3778805760, grad norm: 0.6069
[iter 28840]loss: 3.0363, tokens/sec: 29330.28 ± 550.37, tokens seen: 3780116480, grad norm: 0.5638
[iter 28850]loss: 2.9680, tokens/sec: 29330.37 ± 549.66, tokens seen: 3781427200, grad norm: 0.6907
[iter 28860]loss: 3.1314, tokens/sec: 29330.47 ± 548.95, tokens seen: 3782737920, grad norm: 0.5945
[iter 28870]loss: 2.9105, tokens/sec: 29330.56 ± 548.24, tokens seen: 3784048640, grad norm: 0.7007
[iter 28880]loss: 2.8605, tokens/sec: 29330.65 ± 547.54, tokens seen: 3785359360, grad norm: 0.5249
[iter 28890]loss: 3.0710, tokens/sec: 29330.71 ± 546.84, tokens seen: 3786670080, grad norm: 0.6225
[iter 28900]loss: 3.0138, tokens/sec: 29330.79 ± 546.14, tokens seen: 3787980800, grad norm: 0.5751
[iter 28910]loss: 3.1620, tokens/sec: 29330.86 ± 545.44, tokens seen: 3789291520, grad norm: 0.6842
[iter 28920]loss: 2.6663, tokens/sec: 29329.96 ± 548.11, tokens seen: 3790602240, grad norm: 0.8305
[iter 28930]loss: 2.9057, tokens/sec: 29329.24 ± 549.65, tokens seen: 3791912960, grad norm: 0.7006
[iter 28940]loss: 3.0507, tokens/sec: 29329.34 ± 548.96, tokens seen: 3793223680, grad norm: 0.5952
[iter 28950]loss: 2.8944, tokens/sec: 29329.42 ± 548.26, tokens seen: 3794534400, grad norm: 0.6233
[iter 28960]loss: 3.0768, tokens/sec: 29329.51 ± 547.58, tokens seen: 3795845120, grad norm: 0.5742
[iter 28970]loss: 2.6556, tokens/sec: 29329.60 ± 546.89, tokens seen: 3797155840, grad norm: 0.5799
[iter 28980]loss: 2.9013, tokens/sec: 29329.68 ± 546.20, tokens seen: 3798466560, grad norm: 0.7564
[iter 28990]loss: 2.8150, tokens/sec: 29329.77 ± 545.52, tokens seen: 3799777280, grad norm: 0.7568
[step 29000]train loss: 2.9655, val loss: 2.9838, (avg train loss: 0.3680 ± 0.0163), (avg grad norm: 0.6414 ± 0.1087)
[iter 29000]loss: 2.5616, tokens/sec: 29329.85 ± 544.84, tokens seen: 3801088000, grad norm: 0.5250
[iter 29010]loss: 2.9186, tokens/sec: 29329.95 ± 544.17, tokens seen: 3802398720, grad norm: 0.5273
[iter 29020]loss: 2.8948, tokens/sec: 29330.04 ± 543.49, tokens seen: 3803709440, grad norm: 0.5767
[iter 29030]loss: 3.0385, tokens/sec: 29330.13 ± 542.82, tokens seen: 3805020160, grad norm: 0.6049
[iter 29040]loss: 2.9126, tokens/sec: 29330.22 ± 542.15, tokens seen: 3806330880, grad norm: 0.6201
[iter 29050]loss: 3.1604, tokens/sec: 29330.30 ± 541.48, tokens seen: 3807641600, grad norm: 0.5479
[iter 29060]loss: 2.9567, tokens/sec: 29330.39 ± 540.82, tokens seen: 3808952320, grad norm: 0.6042
[iter 29070]loss: 3.1358, tokens/sec: 29330.48 ± 540.16, tokens seen: 3810263040, grad norm: 0.6271
[iter 29080]loss: 3.0914, tokens/sec: 29330.56 ± 539.50, tokens seen: 3811573760, grad norm: 0.5639
[iter 29090]loss: 2.9824, tokens/sec: 29330.66 ± 538.84, tokens seen: 3812884480, grad norm: 0.5521
[iter 29100]loss: 3.0675, tokens/sec: 29330.74 ± 538.19, tokens seen: 3814195200, grad norm: 0.7768
[iter 29110]loss: 3.0279, tokens/sec: 29330.82 ± 537.54, tokens seen: 3815505920, grad norm: 0.5680
[iter 29120]loss: 2.8686, tokens/sec: 29330.91 ± 536.89, tokens seen: 3816816640, grad norm: 0.7252
[iter 29130]loss: 3.2539, tokens/sec: 29330.97 ± 536.24, tokens seen: 3818127360, grad norm: 0.5995
[iter 29140]loss: 3.1586, tokens/sec: 29331.05 ± 535.59, tokens seen: 3819438080, grad norm: 0.6577
[iter 29150]loss: 3.0211, tokens/sec: 29331.12 ± 534.95, tokens seen: 3820748800, grad norm: 0.6369
[iter 29160]loss: 3.1142, tokens/sec: 29331.20 ± 534.31, tokens seen: 3822059520, grad norm: 0.6784
[iter 29170]loss: 2.9948, tokens/sec: 29331.28 ± 533.67, tokens seen: 3823370240, grad norm: 0.5850
[iter 29180]loss: 2.9174, tokens/sec: 29331.36 ± 533.03, tokens seen: 3824680960, grad norm: 0.5725
[iter 29190]loss: 2.7384, tokens/sec: 29331.44 ± 532.40, tokens seen: 3825991680, grad norm: 0.6528
[iter 29200]loss: 2.8543, tokens/sec: 29331.52 ± 531.77, tokens seen: 3827302400, grad norm: 0.8065
[iter 29210]loss: 3.1861, tokens/sec: 29330.85 ± 533.36, tokens seen: 3828613120, grad norm: 0.6134
[iter 29220]loss: 2.9700, tokens/sec: 29330.93 ± 532.73, tokens seen: 3829923840, grad norm: 0.6030
[iter 29230]loss: 2.9702, tokens/sec: 29331.01 ± 532.10, tokens seen: 3831234560, grad norm: 0.5341
[iter 29240]loss: 2.6668, tokens/sec: 29331.09 ± 531.48, tokens seen: 3832545280, grad norm: 0.6823
[iter 29250]loss: 2.8150, tokens/sec: 29330.29 ± 533.93, tokens seen: 3833856000, grad norm: 0.5516
[iter 29260]loss: 3.0430, tokens/sec: 29330.37 ± 533.30, tokens seen: 3835166720, grad norm: 0.5347
[iter 29270]loss: 2.8436, tokens/sec: 29330.44 ± 532.68, tokens seen: 3836477440, grad norm: 0.6155
[iter 29280]loss: 3.0644, tokens/sec: 29330.52 ± 532.06, tokens seen: 3837788160, grad norm: 0.5354
[iter 29290]loss: 2.9280, tokens/sec: 29330.60 ± 531.44, tokens seen: 3839098880, grad norm: 0.5797
[iter 29300]loss: 2.9119, tokens/sec: 29330.67 ± 530.83, tokens seen: 3840409600, grad norm: 0.5761
[iter 29310]loss: 2.9768, tokens/sec: 29330.75 ± 530.21, tokens seen: 3841720320, grad norm: 0.7087
[iter 29320]loss: 3.1367, tokens/sec: 29330.84 ± 529.60, tokens seen: 3843031040, grad norm: 0.6079
[iter 29330]loss: 2.9444, tokens/sec: 29330.92 ± 528.99, tokens seen: 3844341760, grad norm: 0.6434
[iter 29340]loss: 2.9808, tokens/sec: 29331.00 ± 528.39, tokens seen: 3845652480, grad norm: 0.7071
[iter 29350]loss: 3.0732, tokens/sec: 29331.08 ± 527.78, tokens seen: 3846963200, grad norm: 0.5813
[iter 29360]loss: 2.9876, tokens/sec: 29331.17 ± 527.18, tokens seen: 3848273920, grad norm: 0.6024
[iter 29370]loss: 3.1144, tokens/sec: 29331.26 ± 526.58, tokens seen: 3849584640, grad norm: 0.7306
[iter 29380]loss: 2.8199, tokens/sec: 29331.33 ± 525.98, tokens seen: 3850895360, grad norm: 0.6046
[iter 29390]loss: 3.3889, tokens/sec: 29331.40 ± 525.38, tokens seen: 3852206080, grad norm: 0.6198
[iter 29400]loss: 2.9782, tokens/sec: 29331.49 ± 524.79, tokens seen: 3853516800, grad norm: 0.8063
[iter 29410]loss: 3.0234, tokens/sec: 29331.57 ± 524.20, tokens seen: 3854827520, grad norm: 0.6774
[iter 29420]loss: 2.9898, tokens/sec: 29331.65 ± 523.61, tokens seen: 3856138240, grad norm: 0.5244
[iter 29430]loss: 3.1095, tokens/sec: 29331.72 ± 523.02, tokens seen: 3857448960, grad norm: 0.8033
[iter 29440]loss: 3.0562, tokens/sec: 29331.80 ± 522.43, tokens seen: 3858759680, grad norm: 0.6272
[iter 29450]loss: 2.9459, tokens/sec: 29331.86 ± 521.85, tokens seen: 3860070400, grad norm: 0.9078
[iter 29460]loss: 3.2145, tokens/sec: 29331.93 ± 521.26, tokens seen: 3861381120, grad norm: 0.7242
[iter 29470]loss: 2.8755, tokens/sec: 29332.01 ± 520.68, tokens seen: 3862691840, grad norm: 0.6426
[iter 29480]loss: 2.7360, tokens/sec: 29332.09 ± 520.10, tokens seen: 3864002560, grad norm: 0.6489
[iter 29490]loss: 2.6106, tokens/sec: 29331.49 ± 521.39, tokens seen: 3865313280, grad norm: 0.6190
[step 29500]train loss: 2.9604, val loss: 2.9828, (avg train loss: 0.3689 ± 0.0175), (avg grad norm: 0.6691 ± 0.1589)
[iter 29500]loss: 3.0295, tokens/sec: 29331.57 ± 520.82, tokens seen: 3866624000, grad norm: 0.7034
[iter 29510]loss: 2.9707, tokens/sec: 29331.65 ± 520.24, tokens seen: 3867934720, grad norm: 0.6419
[iter 29520]loss: 2.7614, tokens/sec: 29331.71 ± 519.67, tokens seen: 3869245440, grad norm: 0.7291
[iter 29530]loss: 2.8529, tokens/sec: 29331.77 ± 519.10, tokens seen: 3870556160, grad norm: 0.7336
[iter 29540]loss: 3.0645, tokens/sec: 29331.82 ± 518.53, tokens seen: 3871866880, grad norm: 0.5818
[iter 29550]loss: 2.9484, tokens/sec: 29331.90 ± 517.96, tokens seen: 3873177600, grad norm: 0.5889
[iter 29560]loss: 3.0085, tokens/sec: 29331.99 ± 517.39, tokens seen: 3874488320, grad norm: 0.5666
[iter 29570]loss: 2.6808, tokens/sec: 29332.06 ± 516.83, tokens seen: 3875799040, grad norm: 0.7316
[iter 29580]loss: 3.3600, tokens/sec: 29331.30 ± 519.23, tokens seen: 3877109760, grad norm: 0.7056
[iter 29590]loss: 2.4972, tokens/sec: 29331.38 ± 518.67, tokens seen: 3878420480, grad norm: 0.5598
[iter 29600]loss: 2.6960, tokens/sec: 29331.44 ± 518.11, tokens seen: 3879731200, grad norm: 0.5927
[iter 29610]loss: 2.8256, tokens/sec: 29331.52 ± 517.55, tokens seen: 3881041920, grad norm: 0.8076
[iter 29620]loss: 2.8413, tokens/sec: 29331.59 ± 516.99, tokens seen: 3882352640, grad norm: 0.6719
[iter 29630]loss: 2.9041, tokens/sec: 29331.65 ± 516.44, tokens seen: 3883663360, grad norm: 0.8485
[iter 29640]loss: 2.9396, tokens/sec: 29331.72 ± 515.88, tokens seen: 3884974080, grad norm: 0.5998
[iter 29650]loss: 2.8356, tokens/sec: 29331.78 ± 515.33, tokens seen: 3886284800, grad norm: 0.5881
[iter 29660]loss: 2.8704, tokens/sec: 29331.84 ± 514.78, tokens seen: 3887595520, grad norm: 0.5706
[iter 29670]loss: 3.0481, tokens/sec: 29331.89 ± 514.23, tokens seen: 3888906240, grad norm: 0.7062
[iter 29680]loss: 2.9593, tokens/sec: 29331.94 ± 513.68, tokens seen: 3890216960, grad norm: 0.6179
[iter 29690]loss: 3.2103, tokens/sec: 29332.00 ± 513.13, tokens seen: 3891527680, grad norm: 0.6802
[iter 29700]loss: 3.1876, tokens/sec: 29332.05 ± 512.59, tokens seen: 3892838400, grad norm: 0.8762
[iter 29710]loss: 3.2239, tokens/sec: 29332.11 ± 512.04, tokens seen: 3894149120, grad norm: 0.6621
[iter 29720]loss: 3.1550, tokens/sec: 29332.17 ± 511.50, tokens seen: 3895459840, grad norm: 0.6238
[iter 29730]loss: 2.9170, tokens/sec: 29332.24 ± 510.97, tokens seen: 3896770560, grad norm: 0.7235
[iter 29740]loss: 3.1121, tokens/sec: 29332.31 ± 510.43, tokens seen: 3898081280, grad norm: 0.6549
[iter 29750]loss: 2.9194, tokens/sec: 29332.38 ± 509.89, tokens seen: 3899392000, grad norm: 0.8702
[iter 29760]loss: 2.9690, tokens/sec: 29332.45 ± 509.36, tokens seen: 3900702720, grad norm: 0.6501
[iter 29770]loss: 3.0327, tokens/sec: 29331.87 ± 510.70, tokens seen: 3902013440, grad norm: 0.6808
[iter 29780]loss: 2.9619, tokens/sec: 29331.93 ± 510.17, tokens seen: 3903324160, grad norm: 0.5798
[iter 29790]loss: 3.2278, tokens/sec: 29331.97 ± 509.64, tokens seen: 3904634880, grad norm: 0.7380
[iter 29800]loss: 2.9857, tokens/sec: 29332.02 ± 509.11, tokens seen: 3905945600, grad norm: 0.5743
[iter 29810]loss: 2.7997, tokens/sec: 29332.08 ± 508.58, tokens seen: 3907256320, grad norm: 0.6805
[iter 29820]loss: 3.0298, tokens/sec: 29332.15 ± 508.05, tokens seen: 3908567040, grad norm: 0.6355
[iter 29830]loss: 2.7615, tokens/sec: 29332.21 ± 507.53, tokens seen: 3909877760, grad norm: 0.6582
[iter 29840]loss: 2.8346, tokens/sec: 29332.27 ± 507.01, tokens seen: 3911188480, grad norm: 0.5464
[iter 29850]loss: 2.8445, tokens/sec: 29332.34 ± 506.49, tokens seen: 3912499200, grad norm: 0.6063
[iter 29860]loss: 2.8621, tokens/sec: 29332.40 ± 505.97, tokens seen: 3913809920, grad norm: 0.5673
[iter 29870]loss: 2.8919, tokens/sec: 29332.47 ± 505.45, tokens seen: 3915120640, grad norm: 0.8522
[iter 29880]loss: 2.5425, tokens/sec: 29332.54 ± 504.93, tokens seen: 3916431360, grad norm: 0.7981
[iter 29890]loss: 3.0281, tokens/sec: 29332.61 ± 504.42, tokens seen: 3917742080, grad norm: 0.5998
[iter 29900]loss: 3.4012, tokens/sec: 29332.65 ± 503.91, tokens seen: 3919052800, grad norm: 0.6443
[iter 29910]loss: 3.0609, tokens/sec: 29332.70 ± 503.39, tokens seen: 3920363520, grad norm: 0.7473
[iter 29920]loss: 2.9816, tokens/sec: 29331.98 ± 505.79, tokens seen: 3921674240, grad norm: 0.7272
[iter 29930]loss: 3.0095, tokens/sec: 29332.04 ± 505.28, tokens seen: 3922984960, grad norm: 0.6693
[iter 29940]loss: 3.0861, tokens/sec: 29332.11 ± 504.77, tokens seen: 3924295680, grad norm: 0.6440
[iter 29950]loss: 2.9955, tokens/sec: 29332.17 ± 504.26, tokens seen: 3925606400, grad norm: 0.5754
[iter 29960]loss: 2.8979, tokens/sec: 29332.23 ± 503.76, tokens seen: 3926917120, grad norm: 0.5867
[iter 29970]loss: 3.0406, tokens/sec: 29332.30 ± 503.25, tokens seen: 3928227840, grad norm: 0.5494
[iter 29980]loss: 2.8377, tokens/sec: 29332.36 ± 502.75, tokens seen: 3929538560, grad norm: 0.5905
[iter 29990]loss: 2.9201, tokens/sec: 29332.43 ± 502.25, tokens seen: 3930849280, grad norm: 0.5751
[step 30000]train loss: 2.9767, val loss: 2.9663, (avg train loss: 0.3681 ± 0.0171), (avg grad norm: 0.6417 ± 0.0885)
saving checkpoint to ./out-owt-large-mhc-group-lora-midnorm-bs8-30000step
[iter 30000]loss: 2.8954, tokens/sec: 29332.49 ± 501.75, tokens seen: 3932160000, grad norm: 0.6869
[1;34mwandb[0m: 
[1;34mwandb[0m: 🚀 View run [33mL-group-lora-midnorm-owt-bs8ga16-30kstep-9811[0m at: [34mhttps://wandb.ai/guotzzz-peking-university/mhc-lite/runs/z5whemei[0m
[1;34mwandb[0m: Find logs at: [1;35mwandb/run-20260808_162036-z5whemei/logs[0m
